<?xml version="1.0" encoding="utf-8"?><testsuites name="pytest tests"><testsuite name="pytest" errors="0" failures="0" skipped="0" tests="1" time="80.630" timestamp="2025-11-20T21:50:48.411223+05:00" hostname="Macbooks-MacBook-Pro.local"><testcase classname="tests.sigup.features.test_validate_signup_with_random_email" name="test_validate_signup_with_random_email" time="80.477" /></testsuite></testsuites>